ClassWithCircularReference
	ObjectName = obj1
	NestedObject = ClassWithCircularReference
		NestedObject = ClassWithCircularReference
			NestedObject = null
